BL51 BANKED LINKER/LOCATER V6.22                                                        07/21/2022  19:29:38  PAGE 1


BL51 BANKED LINKER/LOCATER V6.22, INVOKED BY:
D:\KEIL_C51\C51\BIN\BL51.EXE main.obj TO STC51KeilPrj RAMSIZE (256)


MEMORY MODEL: SMALL


INPUT MODULES INCLUDED:
  main.obj (MAIN)
  D:\KEIL_C51\C51\LIB\C51S.LIB (?C_STARTUP)


LINK MAP OF MODULE:  STC51KeilPrj (MAIN)


            TYPE    BASE      LENGTH    RELOCATION   SEGMENT NAME
            -----------------------------------------------------

            * * * * * * *   D A T A   M E M O R Y   * * * * * * *
            REG     0000H     0008H     ABSOLUTE     "REG BANK 0"
            IDATA   0008H     0001H     UNIT         ?STACK

            * * * * * * *   C O D E   M E M O R Y   * * * * * * *
            CODE    0000H     0003H     ABSOLUTE     
                    0003H     07FDH                  *** GAP ***
            CODE    0800H     002EH     UNIT         ?PR?LED_1?MAIN
            CODE    082EH     002AH     UNIT         ?PR?LED_0?MAIN
            CODE    0858H     0029H     UNIT         ?PR?MAIN?MAIN
            CODE    0881H     0026H     UNIT         ?PR?_DELAYNMS?MAIN
            CODE    08A7H     0024H     UNIT         ?PR?LED_2?MAIN
            CODE    08CBH     000CH     UNIT         ?C_C51STARTUP



OVERLAY MAP OF MODULE:   STC51KeilPrj (MAIN)


SEGMENT
  +--> CALLED SEGMENT
---------------------
?C_C51STARTUP
  +--> ?PR?MAIN?MAIN

?PR?MAIN?MAIN
  +--> ?PR?_DELAYNMS?MAIN
  +--> ?PR?LED_0?MAIN
  +--> ?PR?LED_1?MAIN
  +--> ?PR?LED_2?MAIN

?PR?LED_0?MAIN
  +--> ?PR?_DELAYNMS?MAIN

?PR?LED_1?MAIN
  +--> ?PR?_DELAYNMS?MAIN

?PR?LED_2?MAIN
  +--> ?PR?_DELAYNMS?MAIN

BL51 BANKED LINKER/LOCATER V6.22                                                      07/21/2022  19:29:38  PAGE 2




SYMBOL TABLE OF MODULE:  STC51KeilPrj (MAIN)

  VALUE           TYPE          NAME
  ----------------------------------

  -------         MODULE        MAIN
  C:0000H         SYMBOL        _ICE_DUMMY_
  D:0090H         PUBLIC        P1
  D:00A0H         PUBLIC        P2
  D:00B0H         PUBLIC        P3
  B:00A0H.4       PUBLIC        LED1
  B:00A0H.5       PUBLIC        LED2
  B:00A0H.6       PUBLIC        LED3
  B:00A0H.7       PUBLIC        LED4
  D:00A8H         PUBLIC        IE
  D:00B8H         PUBLIC        IP
  B:00B0H.2       PUBLIC        KEY1
  B:00B0H.3       PUBLIC        KEY2
  B:00B0H.4       PUBLIC        KEY3
  C:0887H         SYMBOL        _DelayNms
  C:0858H         PUBLIC        main
  D:0098H         PUBLIC        SCON
  D:0088H         PUBLIC        TCON
  C:082EH         SYMBOL        LED_0
  C:0800H         SYMBOL        LED_1
  C:08A7H         SYMBOL        LED_2
  D:00C8H         PUBLIC        T2CON
  D:00D0H         PUBLIC        PSW
  C:0883H         SYMBOL        L?0033
  -------         PROC          L?0032
  -------         ENDPROC       L?0032
  C:0883H         SYMBOL        L?0033
  -------         PROC          _DELAYNMS
  D:0006H         SYMBOL        nms
  -------         DO            
  D:0004H         SYMBOL        i
  D:0002H         SYMBOL        j
  -------         ENDDO         
  C:0887H         LINE#         10
  C:0887H         LINE#         11
  C:0887H         LINE#         13
  C:0891H         LINE#         14
  C:0891H         LINE#         15
  C:0894H         LINE#         16
  C:0894H         LINE#         18
  C:089FH         LINE#         19
  C:08A6H         LINE#         20
  -------         ENDPROC       _DELAYNMS
  -------         PROC          LED_0
  C:082EH         LINE#         22
  C:082EH         LINE#         23
  C:082EH         LINE#         24
  C:0831H         LINE#         25
  C:0831H         LINE#         26
  C:0831H         LINE#         27
BL51 BANKED LINKER/LOCATER V6.22                                                      07/21/2022  19:29:38  PAGE 3


  C:0831H         LINE#         28
  C:0831H         LINE#         29
  C:0834H         LINE#         30
  C:0836H         LINE#         32
  C:0838H         LINE#         33
  C:083BH         LINE#         34
  C:083DH         LINE#         36
  C:083FH         LINE#         37
  C:0842H         LINE#         38
  C:0844H         LINE#         40
  C:0846H         LINE#         41
  C:0849H         LINE#         42
  C:084BH         LINE#         44
  C:084EH         LINE#         45
  C:084EH         LINE#         48
  C:084EH         LINE#         50
  C:0851H         LINE#         51
  C:0851H         LINE#         52
  C:0853H         LINE#         53
  C:0855H         LINE#         54
  C:0857H         LINE#         55
  C:0857H         LINE#         56
  -------         ENDPROC       LED_0
  -------         PROC          LED_1
  C:0800H         LINE#         58
  C:0800H         LINE#         59
  C:0800H         LINE#         60
  C:0803H         LINE#         61
  C:0803H         LINE#         62
  C:0803H         LINE#         63
  C:0803H         LINE#         64
  C:0803H         LINE#         65
  C:0806H         LINE#         67
  C:0808H         LINE#         68
  C:080BH         LINE#         70
  C:080DH         LINE#         71
  C:0810H         LINE#         73
  C:0812H         LINE#         74
  C:0815H         LINE#         75
  C:0817H         LINE#         77
  C:081AH         LINE#         78
  C:081CH         LINE#         80
  C:081FH         LINE#         81
  C:0821H         LINE#         83
  C:0824H         LINE#         84
  C:0826H         LINE#         85
  C:0829H         LINE#         87
  C:082CH         LINE#         88
  C:082DH         LINE#         90
  C:082DH         LINE#         91
  -------         ENDPROC       LED_1
  -------         PROC          LED_2
  C:08A7H         LINE#         93
  C:08A7H         LINE#         94
  C:08A7H         LINE#         95
  C:08AAH         LINE#         96
  C:08AAH         LINE#         97
BL51 BANKED LINKER/LOCATER V6.22                                                      07/21/2022  19:29:38  PAGE 4


  C:08AAH         LINE#         98
  C:08AAH         LINE#         99
  C:08ACH         LINE#         100
  C:08AFH         LINE#         101
  C:08B1H         LINE#         103
  C:08B3H         LINE#         104
  C:08B6H         LINE#         105
  C:08B8H         LINE#         107
  C:08BAH         LINE#         108
  C:08BDH         LINE#         109
  C:08BFH         LINE#         111
  C:08C1H         LINE#         112
  C:08C4H         LINE#         113
  C:08C6H         LINE#         115
  C:08C9H         LINE#         116
  C:08C9H         LINE#         117
  C:08CAH         LINE#         118
  C:08CAH         LINE#         120
  C:08CAH         LINE#         121
  -------         ENDPROC       LED_2
  -------         PROC          MAIN
  C:0858H         LINE#         123
  C:0858H         LINE#         124
  C:0858H         LINE#         125
  C:0858H         LINE#         126
  C:0858H         LINE#         127
  C:085BH         LINE#         128
  C:085BH         LINE#         129
  C:0862H         LINE#         130
  C:0865H         LINE#         132
  C:0865H         LINE#         134
  C:0868H         LINE#         135
  C:0868H         LINE#         136
  C:086FH         LINE#         137
  C:0872H         LINE#         138
  C:0872H         LINE#         140
  C:0875H         LINE#         141
  C:0875H         LINE#         142
  C:087CH         LINE#         143
  C:087FH         LINE#         144
  C:087FH         LINE#         146
  -------         ENDPROC       MAIN
  -------         ENDMOD        MAIN

******************************************************************************
* RESTRICTED VERSION WITH 0800H BYTE CODE SIZE LIMIT; USED: 00CBH BYTE ( 9%) *
******************************************************************************

Program Size: data=9.0 xdata=0 code=218
LINK/LOCATE RUN COMPLETE.  0 WARNING(S),  0 ERROR(S)
